// Jest Snapshot v1, https://goo.gl/fbAQLP

exports[`<Main /> should render the head 1`] = `
<main
  class="sc-f59cca65-0 dsmJwL"
>
  <h1>
    React Avan√ßado
  </h1>
</main>
`;
